2026-05-13 09:14:52 - Attempting login with email: ahmed@email.com
2026-05-13 09:14:58 - Attempting login with email: admin@startsmart.com
2026-05-13 09:15:24 - Attempting login with email: ahmed@email.com
2026-05-13 09:19:53 - Attempting login with email: ahmed@email.com
2026-05-13 09:20:23 - Attempting login with email: admin@startsmart.com
2026-05-13 18:37:25 - Attempting login with email: roua.aloui@outlook.com
2026-05-13 18:51:39 - Attempting login with email: roua.aloui@outlook.com
2026-05-13 19:08:22 - Attempting login with email: admin@startsmart.com
2026-05-13 19:18:06 - Attempting login with email: admin@startsmart.com
2026-05-13 19:19:31 - Attempting login with email: admin@startsmart.com
2026-05-13 20:17:29 - Attempting login with email: admin@startsmart.com
2026-05-13 20:17:34 - Attempting login with email: admin@startsmart.com
2026-05-13 20:31:31 - Attempting login with email: admin@startsmart.com
2026-05-13 20:33:09 - Attempting login with email: ahmed@email.com
2026-05-13 21:06:41 - Attempting login with email: ahmed@email.com
2026-05-13 21:07:40 - Attempting login with email: ahmed@email.com
2026-05-13 21:08:12 - Attempting login with email: ahmed@email.com
2026-05-13 21:09:44 - Attempting login with email: test@test.com
2026-05-13 21:12:47 - Attempting login with email: user@test.com
2026-05-13 21:15:12 - Attempting login with email: testuser@test.com
2026-05-13 21:16:15 - Attempting login with email: admin@startsmart.com
2026-05-13 21:16:59 - Attempting login with email: testuser@test.com
2026-05-13 21:22:23 - Attempting login with email: testuser@test.com
2026-05-13 21:25:39 - Attempting login with email: admin@startsmart.com
2026-05-13 21:28:39 - Attempting login with email: admin@startsmart.com
2026-05-13 21:29:22 - Attempting login with email: admin@startsmart.com
2026-05-13 21:42:21 - Attempting login with email: admin@startsmart.com
2026-05-13 21:42:41 - Attempting login with email: testuser@test.com
